
[1m[46m RUN [49m[22m [36mv4.0.18 [39m[90mC:/opencode/RAGAPPv3/frontend[39m

 [31mΓ¥»[39m src/components/chat/TranscriptPane.waitingindicator.test.tsx [2m([22m[2m9 tests[22m[2m | [22m[31m2 failed[39m[2m)[22m[32m 286[2mms[22m[39m
       [32mΓ£ô[39m shows WaitingIndicator when isStreaming=true, last message is assistant with empty content[32m 144[2mms[22m[39m
       [32mΓ£ô[39m does NOT show WaitingIndicator when isStreaming=true but assistant message has NON-EMPTY content (F1 bug fix)[32m 10[2mms[22m[39m
       [32mΓ£ô[39m does NOT show WaitingIndicator when isStreaming=true but last message is user[32m 8[2mms[22m[39m
       [32mΓ£ô[39m does NOT show WaitingIndicator when isStreaming=false even with empty assistant message[32m 9[2mms[22m[39m
       [32mΓ£ô[39m does NOT show WaitingIndicator when messages array is empty[32m 10[2mms[22m[39m
       [32mΓ£ô[39m scrolls to bottom when isWaitingForResponse transitions to true[32m 27[2mms[22m[39m
       [32mΓ£ô[39m shows indicator after rapid send-stop-send toggles within 100ms[32m 23[2mms[22m[39m
[31m       [31m├ù[31m hides indicator immediately when isStreaming goes false after being shown[39m[32m 27[2mms[22m[39m
[31m       [31m├ù[31m allows indicator to show again after a complete streaming cycle[39m[32m 27[2mms[22m[39m
bunx : 
At line:1 char:14
+ ... d frontend; bunx vitest run src/components/chat/TranscriptPane.waitin ...
+                 ~~~~~~~~~~~~~~~~~~~~~~~~~~~~~~~~~~~~~~~~~~~~~~~~~~~~~~~~~
    + CategoryInfo          : NotSpecified: (:String) [], RemoteException
    + FullyQualifiedErrorId : NativeCommandError
 
[31mΓÄ»ΓÄ»ΓÄ»ΓÄ»ΓÄ»ΓÄ»ΓÄ»[39m[1m[41m Failed Tests 2 [49m[22m[31mΓÄ»ΓÄ»ΓÄ»ΓÄ»ΓÄ»ΓÄ»ΓÄ»[39m

[41m[1m FAIL [22m[49m src/components/chat/TranscriptPane.waitingindicator.test.tsx[2m > [22mWaitingIndicator 
condition tests (Task 4.1)[2m > [22mF4: Rapid isStreaming toggle handling[2m > [22mhides indicator immediately 
when isStreaming goes false after being shown
[31m[1mError[22m: [2mexpect([22m[31melement[31m[2m).not.toBeInTheDocument()[22m

[31mexpected document not to contain element, found <div
  animate="[object Object]"
  aria-label="Waiting for response"
  class="flex gap-3 p-4 bg-muted/30"
  data-testid="motion-div"
  exit="[object Object]"
  initial="[object Object]"
  role="status"
  transition="[object Object]"
>
  <div
    aria-hidden="true"
    class="flex-shrink-0 w-8 h-8 rounded-full flex items-center justify-center bg-muted"
  >
    <svg
      aria-hidden="true"
      class="h-4 w-4 text-muted-foreground"
      fill="none"
      stroke="currentColor"
      stroke-linecap="round"
      stroke-linejoin="round"
      stroke-width="2"
      viewBox="0 0 24 24"
    >
      <path
        d="M12 8V4H8"
      />
      <rect
        height="12"
        rx="2"
        width="16"
        x="4"
        y="8"
      />
      <path
        d="M2 14h2"
      />
      <path
        d="M20 14h2"
      />
      <path
        d="M15 13v2"
      />
      <path
        d="M9 13v2"
      />
    </svg>
  </div>
  <div
    class="flex-1 min-w-0"
  >
    <div
      class="flex items-center gap-2 mb-1"
    >
      <span
        class="font-semibold text-sm"
      >
        Assistant
      </span>
    </div>
    <div
      class="inline-flex items-center gap-1.5 rounded-2xl bg-muted px-4 py-2.5"
    >
      <span
        class="sr-only"
      >
        Thinking
      </span>
      <span
        aria-hidden="true"
        class="h-2 w-2 rounded-full bg-muted-foreground/60 animate-bounce"
        style="animation-delay: 0ms;"
      />
      <span
        aria-hidden="true"
        class="h-2 w-2 rounded-full bg-muted-foreground/60 animate-bounce"
        style="animation-delay: 150ms;"
      />
      <span
        aria-hidden="true"
        class="h-2 w-2 rounded-full bg-muted-foreground/60 animate-bounce"
        style="animation-delay: 300ms;"
      />
    </div>
  </div>
</div> instead[31m[39m
[36m [2mΓ¥»[22m src/components/chat/TranscriptPane.waitingindicator.test.tsx:[2m503:82[22m[39m
    [90m501| [39m
    [90m502| [39m      [90m// Indicator should be hidden immediately[39m
    [90m503| [39m      expect(screen.queryByRole("status", { name: "Waiting for responsΓÇª
    [90m   | [39m                                                                                 [31m^[39m
    [90m504| [39m    })[33m;[39m
    [90m505| [39m

[31m[2mΓÄ»ΓÄ»ΓÄ»ΓÄ»ΓÄ»ΓÄ»ΓÄ»ΓÄ»ΓÄ»ΓÄ»ΓÄ»ΓÄ»ΓÄ»ΓÄ»ΓÄ»ΓÄ»ΓÄ»ΓÄ»ΓÄ»ΓÄ»ΓÄ»ΓÄ»ΓÄ»ΓÄ»[1/2]ΓÄ»[22m[39m

[41m[1m FAIL [22m[49m src/components/chat/TranscriptPane.waitingindicator.test.tsx[2m > [22mWaitingIndicator 
condition tests (Task 4.1)[2m > [22mF4: Rapid isStreaming toggle handling[2m > [22mallows indicator to show again 
after a complete streaming cycle
[31m[1mError[22m: [2mexpect([22m[31melement[31m[2m).not.toBeInTheDocument()[22m

[31mexpected document not to contain element, found <div
  animate="[object Object]"
  aria-label="Waiting for response"
  class="flex gap-3 p-4 bg-muted/30"
  data-testid="motion-div"
  exit="[object Object]"
  initial="[object Object]"
  role="status"
  transition="[object Object]"
>
  <div
    aria-hidden="true"
    class="flex-shrink-0 w-8 h-8 rounded-full flex items-center justify-center bg-muted"
  >
    <svg
      aria-hidden="true"
      class="h-4 w-4 text-muted-foreground"
      fill="none"
      stroke="currentColor"
      stroke-linecap="round"
      stroke-linejoin="round"
      stroke-width="2"
      viewBox="0 0 24 24"
    >
      <path

[2m Test Files [22m [1m[31m1 failed[39m[22m[90m (1)[39m
[2m      Tests [22m [1m[31m2 failed[39m[22m[2m | [22m[1m[32m7 passed[39m[22m[90m (9)[39m
[2m   Start at [22m 11:34:24
[2m   Duration [22m 2.03s[2m (transform 445ms, setup 71ms, import 627ms, tests 286ms, environment 591ms)[22m

        d="M12 8V4H8"
      />
      <rect
        height="12"
        rx="2"
        width="16"
        x="4"
        y="8"
      />
      <path
        d="M2 14h2"
      />
      <path
        d="M20 14h2"
      />
      <path
        d="M15 13v2"
      />
      <path
        d="M9 13v2"
      />
    </svg>
  </div>
  <div
    class="flex-1 min-w-0"
  >
    <div
      class="flex items-center gap-2 mb-1"
    >
      <span
        class="font-semibold text-sm"
      >
        Assistant
      </span>
    </div>
    <div
      class="inline-flex items-center gap-1.5 rounded-2xl bg-muted px-4 py-2.5"
    >
      <span
        class="sr-only"
      >
        Thinking
      </span>
      <span
        aria-hidden="true"
        class="h-2 w-2 rounded-full bg-muted-foreground/60 animate-bounce"
        style="animation-delay: 0ms;"
      />
      <span
        aria-hidden="true"
        class="h-2 w-2 rounded-full bg-muted-foreground/60 animate-bounce"
        style="animation-delay: 150ms;"
      />
      <span
        aria-hidden="true"
        class="h-2 w-2 rounded-full bg-muted-foreground/60 animate-bounce"
        style="animation-delay: 300ms;"
      />
    </div>
  </div>
</div> instead[31m[39m
[36m [2mΓ¥»[22m src/components/chat/TranscriptPane.waitingindicator.test.tsx:[2m565:82[22m[39m
    [90m563| [39m      })[33m;[39m
    [90m564| [39m
    [90m565| [39m      expect(screen.queryByRole("status", { name: "Waiting for responsΓÇª
    [90m   | [39m                                                                                 [31m^[39m
    [90m566| [39m
    [90m567| [39m      [90m// Start a new streaming cycle[39m

[31m[2mΓÄ»ΓÄ»ΓÄ»ΓÄ»ΓÄ»ΓÄ»ΓÄ»ΓÄ»ΓÄ»ΓÄ»ΓÄ»ΓÄ»ΓÄ»ΓÄ»ΓÄ»ΓÄ»ΓÄ»ΓÄ»ΓÄ»ΓÄ»ΓÄ»ΓÄ»ΓÄ»ΓÄ»[2/2]ΓÄ»[22m[39m

